<form lang="en" title="Email subscription" action="https://kamil.samigullin.info/">
    <input name="email" type="email" title="Email" maxlength="64" required="true"></input>
</form>