{"config":{"db":{"dsn":"***"},"grpc":{"interface":"127.0.0.1:8092","token":"***"},"migration":{"table":"migration","schema":"public","limit":0,"dry-run":false,"with-demo":false},"monitoring":{"enabled":true,"interface":"127.0.0.1:8091"},"profiler":{"enabled":true,"interface":"127.0.0.1:8090"},"server":{"interface":"127.0.0.1:8080","cpus":1,"read-timeout":1000000000,"read-header-timeout":1000000000,"write-timeout":1000000000,"idle-timeout":1000000000,"base-url":"http://localhost/","tpl-dir":""}}}